[backblue.gif]
[fade.gif]
[index.html]
[morsecode.world/apple-touch-icon.png]
[morsecode.world/favicon-32x32.png]
[morsecode.world/favicon-16x16.png]
[donorbox.org/install-popup-button.js]
[morsecode.world/international/trainer/character-trainer-example1.png]
[morsecode.world/international/trainer/character-trainer-example2.png]
[player.vimeo.com/api/player.js]
[morsecode.world/img/logoFooter.png]
[cdnjs.cloudflare.com/ajax/libs/jquery/2.1.4/jquery.min.js]
[cdnjs.cloudflare.com/ajax/libs/foundation/5.5.3/js/vendor/modernizr.js]
[cdnjs.cloudflare.com/ajax/libs/foundation/5.5.3/js/foundation.min.js]
[cdnjs.cloudflare.com/ajax/libs/foundation/5.5.3/js/foundation/foundation.topbar.min.js]
[cdnjs.cloudflare.com/ajax/libs/foundation/5.5.3/js/foundation/foundation.tooltip.min.js]
[cdnjs.cloudflare.com/ajax/libs/foundation/5.5.3/js/foundation/foundation.reveal.min.js]
[cdnjs.cloudflare.com/ajax/libs/js-cookie/2.1.4/js.cookie.min.js]
[morsecode.world/international/trainer/character.html]
[morsecode.world/css/a.20210319.css]
[morsecode.world/international/trainer/index.html]
[morsecode.world/international/trainer/generator.html]
[morsecode.world/international/trainer/morse-trainer-offline.zip]
[morsecode.world/international/trainer/trainer.html]
[morsecode.world/international/trainer/trainer.jp.html]
[morsecode.world/international/trainer/qso.html]
[morsecode.world/international/trainer/word-trainer-example1.png]
[morsecode.world/international/trainer/word-trainer-example2.png]
[morsecode.world/international/trainer/words.html]
[morsecode.world/international/trainer/morse.html]
[morsecode.world/international/trainer/copying.html]
[morsecode.world/international/trainer/sending.html]
[morsecode.world/international/trainer/freeform.html]
[morsecode.world/international/trainer/random.html]
